dgx-1
Sat Dec  6 23:04:05 EST 2025
Python 3.11.5
Using device: cuda


================================================================================
Running dataset: CIFAR100
  num_tasks=10, total_classes=100, batch_size=32, lr=0.1
================================================================================

Files already downloaded and verified
Files already downloaded and verified
[CIFAR100] Training Taylor method (SimpleResNet)
=== Running Taylor-series experiment across 4 permutations ===

--- Sequence 1: (7, 3, 5, 0, 9, 4, 8, 6, 1, 2) ---
After group 0 (saw 2 tasks), accuracies (per permuted task): [19.666666666666668, 39.166666666666664, 22.666666666666668, 34.166666666666664, 5.833333333333333, 39.166666666666664, 11.0, 20.333333333333332, 44.0, 40.333333333333336]
After group 1 (saw 4 tasks), accuracies (per permuted task): [24.333333333333332, 39.333333333333336, 23.166666666666668, 34.0, 8.666666666666666, 37.333333333333336, 11.0, 26.833333333333332, 33.5, 42.833333333333336]
After group 2 (saw 6 tasks), accuracies (per permuted task): [25.833333333333332, 35.666666666666664, 25.0, 37.0, 16.166666666666668, 28.0, 10.0, 24.666666666666668, 19.5, 28.0]
After group 3 (saw 8 tasks), accuracies (per permuted task): [25.333333333333332, 38.666666666666664, 23.0, 41.166666666666664, 13.5, 36.666666666666664, 10.166666666666666, 24.833333333333332, 26.166666666666668, 35.166666666666664]
After group 4 (saw 10 tasks), accuracies (per permuted task): [23.666666666666668, 31.5, 22.666666666666668, 36.666666666666664, 14.333333333333334, 28.666666666666668, 9.5, 25.333333333333332, 20.166666666666668, 27.5]

--- Sequence 2: (1, 3, 6, 7, 5, 2, 8, 0, 4, 9) ---
After group 0 (saw 2 tasks), accuracies (per permuted task): [50.166666666666664, 40.0, 20.0, 20.0, 20.0, 40.0, 10.0, 40.0, 39.833333333333336, 10.0]
After group 1 (saw 4 tasks), accuracies (per permuted task): [50.0, 40.0, 20.0, 20.0, 20.0, 40.0, 10.0, 40.0, 40.0, 10.0]
After group 2 (saw 6 tasks), accuracies (per permuted task): [50.0, 40.0, 20.0, 20.0, 20.0, 40.0, 10.0, 40.0, 39.833333333333336, 10.0]
After group 3 (saw 8 tasks), accuracies (per permuted task): [50.0, 40.0, 20.0, 20.0, 20.0, 40.0, 10.0, 40.0, 40.0, 10.0]
After group 4 (saw 10 tasks), accuracies (per permuted task): [50.0, 40.0, 20.0, 20.0, 20.0, 40.0, 10.0, 40.0, 40.0, 10.0]

--- Sequence 3: (0, 3, 6, 8, 7, 1, 9, 5, 2, 4) ---
After group 0 (saw 2 tasks), accuracies (per permuted task): [38.666666666666664, 41.0, 20.333333333333332, 9.833333333333334, 15.333333333333334, 45.833333333333336, 7.166666666666667, 25.5, 38.0, 40.5]
After group 1 (saw 4 tasks), accuracies (per permuted task): [37.833333333333336, 42.166666666666664, 24.333333333333332, 11.5, 20.666666666666668, 42.5, 10.0, 24.833333333333332, 41.333333333333336, 40.166666666666664]
After group 2 (saw 6 tasks), accuracies (per permuted task): [40.5, 39.666666666666664, 19.5, 10.5, 19.833333333333332, 47.666666666666664, 8.833333333333334, 21.5, 40.666666666666664, 39.666666666666664]
After group 3 (saw 8 tasks), accuracies (per permuted task): [38.0, 39.166666666666664, 21.5, 11.333333333333334, 24.166666666666668, 40.166666666666664, 11.0, 23.5, 42.0, 39.833333333333336]
After group 4 (saw 10 tasks), accuracies (per permuted task): [40.0, 40.0, 20.0, 10.0, 20.0, 50.0, 10.0, 20.0, 40.0, 40.0]

--- Sequence 4: (8, 5, 1, 0, 9, 2, 4, 6, 3, 7) ---
After group 0 (saw 2 tasks), accuracies (per permuted task): [10.0, 23.166666666666668, 38.833333333333336, 38.333333333333336, 10.0, 38.333333333333336, 38.166666666666664, 23.666666666666668, 37.0, 22.333333333333332]
After group 1 (saw 4 tasks), accuracies (per permuted task): [11.166666666666666, 25.0, 36.5, 40.5, 10.166666666666666, 41.833333333333336, 39.333333333333336, 24.833333333333332, 38.666666666666664, 23.666666666666668]
After group 2 (saw 6 tasks), accuracies (per permuted task): [19.333333333333332, 20.333333333333332, 30.5, 39.5, 12.0, 38.5, 39.0, 19.333333333333332, 34.0, 20.833333333333332]
After group 3 (saw 8 tasks), accuracies (per permuted task): [13.833333333333334, 19.833333333333332, 47.5, 40.333333333333336, 10.166666666666666, 40.0, 40.833333333333336, 20.0, 37.0, 19.666666666666668]
After group 4 (saw 10 tasks), accuracies (per permuted task): [16.166666666666668, 19.5, 43.666666666666664, 39.166666666666664, 12.833333333333334, 35.5, 40.166666666666664, 19.166666666666668, 35.166666666666664, 20.5]
Saved results to ./results/taylor_permutation_results_CIFAR100.csv
[CIFAR100] Running ER experiments (SimpleResNet)
=== Running ER experiment across 4 permutations ===

--- ER Sequence 1: (7, 3, 5, 0, 9, 4, 8, 6, 1, 2) ---

--- ER Sequence 2: (1, 3, 6, 7, 5, 2, 8, 0, 4, 9) ---

--- ER Sequence 3: (0, 3, 6, 8, 7, 1, 9, 5, 2, 4) ---

--- ER Sequence 4: (8, 5, 1, 0, 9, 2, 4, 6, 3, 7) ---
Saved ER results to ./results/er_permutation_results_CIFAR100.csv

================================================================================
Running dataset: 20Newsgroups
  num_tasks=5, total_classes=20, batch_size=32, lr=0.001
================================================================================

[20Newsgroups] Training Taylor method (TextMLP)
=== Running Taylor-series experiment across 4 permutations ===

--- Sequence 1: (0, 4, 1, 2, 3) ---
After group 0 (saw 2 tasks), accuracies (per permuted task): [25.0, 25.0, 25.0, 25.0, 25.0]
After group 1 (saw 4 tasks), accuracies (per permuted task): [27.916666666666668, 29.166666666666668, 28.75, 24.166666666666668, 27.5]
After group 2 (saw 5 tasks), accuracies (per permuted task): [25.0, 25.0, 25.0, 25.0, 25.0]

--- Sequence 2: (2, 3, 1, 0, 4) ---
After group 0 (saw 2 tasks), accuracies (per permuted task): [25.0, 25.0, 25.0, 25.0, 25.0]
After group 1 (saw 4 tasks), accuracies (per permuted task): [25.0, 25.0, 25.0, 25.0, 25.0]
After group 2 (saw 5 tasks), accuracies (per permuted task): [25.0, 25.0, 25.0, 25.0, 25.0]

--- Sequence 3: (0, 3, 4, 1, 2) ---
After group 0 (saw 2 tasks), accuracies (per permuted task): [25.416666666666668, 26.25, 25.833333333333332, 25.833333333333332, 26.25]
After group 1 (saw 4 tasks), accuracies (per permuted task): [25.416666666666668, 25.0, 25.0, 25.416666666666668, 25.416666666666668]
After group 2 (saw 5 tasks), accuracies (per permuted task): [25.0, 25.0, 25.0, 25.0, 25.0]

--- Sequence 4: (3, 1, 0, 4, 2) ---
After group 0 (saw 2 tasks), accuracies (per permuted task): [25.0, 25.0, 25.0, 25.0, 25.0]
After group 1 (saw 4 tasks), accuracies (per permuted task): [25.0, 25.0, 25.0, 25.0, 25.0]
After group 2 (saw 5 tasks), accuracies (per permuted task): [25.0, 25.0, 25.0, 25.0, 25.0]
Saved results to ./results/taylor_permutation_results_20Newsgroups.csv
[20Newsgroups] Running ER experiments (TextMLP)
=== Running ER experiment across 4 permutations ===

--- ER Sequence 1: (0, 4, 1, 2, 3) ---

--- ER Sequence 2: (2, 3, 1, 0, 4) ---

--- ER Sequence 3: (0, 3, 4, 1, 2) ---

--- ER Sequence 4: (3, 1, 0, 4, 2) ---
Saved ER results to ./results/er_permutation_results_20Newsgroups.csv

================================================================================
Running dataset: SplitMNIST
  num_tasks=5, total_classes=10, batch_size=32, lr=0.01
================================================================================

[SplitMNIST] Training Taylor method (SmallCNN)
=== Running Taylor-series experiment across 4 permutations ===

--- Sequence 1: (3, 1, 2, 4, 0) ---
After group 0 (saw 2 tasks), accuracies (per permuted task): [90.0, 78.33333333333333, 58.333333333333336, 70.83333333333333, 65.83333333333333]
After group 1 (saw 4 tasks), accuracies (per permuted task): [50.0, 50.0, 50.0, 50.0, 50.0]
After group 2 (saw 5 tasks), accuracies (per permuted task): [91.66666666666667, 74.16666666666667, 69.16666666666667, 60.833333333333336, 93.33333333333333]

--- Sequence 2: (3, 1, 2, 0, 4) ---
After group 0 (saw 2 tasks), accuracies (per permuted task): [95.83333333333333, 85.83333333333333, 51.666666666666664, 75.0, 66.66666666666667]
After group 1 (saw 4 tasks), accuracies (per permuted task): [50.0, 50.0, 50.0, 50.0, 50.0]
After group 2 (saw 5 tasks), accuracies (per permuted task): [49.166666666666664, 50.0, 52.5, 50.833333333333336, 49.166666666666664]

--- Sequence 3: (2, 0, 1, 3, 4) ---
After group 0 (saw 2 tasks), accuracies (per permuted task): [92.5, 75.83333333333333, 51.666666666666664, 51.666666666666664, 10.0]
After group 1 (saw 4 tasks), accuracies (per permuted task): [65.83333333333333, 59.166666666666664, 52.5, 65.83333333333333, 49.166666666666664]
After group 2 (saw 5 tasks), accuracies (per permuted task): [74.16666666666667, 82.5, 87.5, 96.66666666666667, 79.16666666666667]
Skipped permutation #4 (1, 3, 0, 2, 4) (canonical (1, 3, 0, 2, 4)) — reused results.
Saved results to ./results/taylor_permutation_results_SplitMNIST.csv
[SplitMNIST] Running ER experiments (SmallCNN)
=== Running ER experiment across 4 permutations ===

--- ER Sequence 1: (3, 1, 2, 4, 0) ---

--- ER Sequence 2: (3, 1, 2, 0, 4) ---

--- ER Sequence 3: (2, 0, 1, 3, 4) ---

--- ER Sequence 4: (1, 3, 0, 2, 4) ---
Saved ER results to ./results/er_permutation_results_SplitMNIST.csv

================================================================================
Running dataset: Cora
  num_tasks=3, total_classes=7, batch_size=32, lr=0.01
================================================================================

[Cora] Training Taylor method (GCNNet)
=== Running Taylor-series experiment across 4 permutations ===

--- Sequence 1: (1, 2, 0) ---
Error on dataset Cora: Error(s) in loading state_dict for GCNNet:
	Unexpected key(s) in state_dict: "mlp_fc1.weight", "mlp_fc1.bias". 
